<?xml version="1.0" encoding="ISO-8859-1" ?>
<link_info>
   <banner>TI ARM Linker PC v18.12.2.LTS</banner>
   <copyright>Copyright (c) 1996-2018 Texas Instruments Incorporated</copyright>
   <link_time>0x5e00f6b8</link_time>
   <link_errors>0x0</link_errors>
   <output_file>pointDriverController.out</output_file>
   <entry_point>
      <name>_c_int00_noargs</name>
      <address>0x1901</address>
   </entry_point>
   <input_file_list>
      <input_file id="fl-2">
         <path>.\</path>
         <kind>object</kind>
         <file>PortIntHandler.obj</file>
         <name>PortIntHandler.obj</name>
      </input_file>
      <input_file id="fl-3">
         <path>.\</path>
         <kind>object</kind>
         <file>main.obj</file>
         <name>main.obj</name>
      </input_file>
      <input_file id="fl-4">
         <path>.\</path>
         <kind>object</kind>
         <file>tm4c1294ncpdt_startup_ccs.obj</file>
         <name>tm4c1294ncpdt_startup_ccs.obj</name>
      </input_file>
      <input_file id="fl-5">
         <path>.\driverlib\</path>
         <kind>object</kind>
         <file>adc.obj</file>
         <name>adc.obj</name>
      </input_file>
      <input_file id="fl-6">
         <path>.\driverlib\</path>
         <kind>object</kind>
         <file>aes.obj</file>
         <name>aes.obj</name>
      </input_file>
      <input_file id="fl-7">
         <path>.\driverlib\</path>
         <kind>object</kind>
         <file>can.obj</file>
         <name>can.obj</name>
      </input_file>
      <input_file id="fl-8">
         <path>.\driverlib\</path>
         <kind>object</kind>
         <file>comp.obj</file>
         <name>comp.obj</name>
      </input_file>
      <input_file id="fl-9">
         <path>.\driverlib\</path>
         <kind>object</kind>
         <file>cpu.obj</file>
         <name>cpu.obj</name>
      </input_file>
      <input_file id="fl-a">
         <path>.\driverlib\</path>
         <kind>object</kind>
         <file>crc.obj</file>
         <name>crc.obj</name>
      </input_file>
      <input_file id="fl-b">
         <path>.\driverlib\</path>
         <kind>object</kind>
         <file>des.obj</file>
         <name>des.obj</name>
      </input_file>
      <input_file id="fl-c">
         <path>.\driverlib\</path>
         <kind>object</kind>
         <file>eeprom.obj</file>
         <name>eeprom.obj</name>
      </input_file>
      <input_file id="fl-d">
         <path>.\driverlib\</path>
         <kind>object</kind>
         <file>emac.obj</file>
         <name>emac.obj</name>
      </input_file>
      <input_file id="fl-e">
         <path>.\driverlib\</path>
         <kind>object</kind>
         <file>epi.obj</file>
         <name>epi.obj</name>
      </input_file>
      <input_file id="fl-f">
         <path>.\driverlib\</path>
         <kind>object</kind>
         <file>epi_workaround_ccs.obj</file>
         <name>epi_workaround_ccs.obj</name>
      </input_file>
      <input_file id="fl-10">
         <path>.\driverlib\</path>
         <kind>object</kind>
         <file>flash.obj</file>
         <name>flash.obj</name>
      </input_file>
      <input_file id="fl-11">
         <path>.\driverlib\</path>
         <kind>object</kind>
         <file>fpu.obj</file>
         <name>fpu.obj</name>
      </input_file>
      <input_file id="fl-12">
         <path>.\driverlib\</path>
         <kind>object</kind>
         <file>gpio.obj</file>
         <name>gpio.obj</name>
      </input_file>
      <input_file id="fl-13">
         <path>.\driverlib\</path>
         <kind>object</kind>
         <file>hibernate.obj</file>
         <name>hibernate.obj</name>
      </input_file>
      <input_file id="fl-14">
         <path>.\driverlib\</path>
         <kind>object</kind>
         <file>i2c.obj</file>
         <name>i2c.obj</name>
      </input_file>
      <input_file id="fl-15">
         <path>.\driverlib\</path>
         <kind>object</kind>
         <file>interrupt.obj</file>
         <name>interrupt.obj</name>
      </input_file>
      <input_file id="fl-16">
         <path>.\driverlib\</path>
         <kind>object</kind>
         <file>lcd.obj</file>
         <name>lcd.obj</name>
      </input_file>
      <input_file id="fl-17">
         <path>.\driverlib\</path>
         <kind>object</kind>
         <file>mpu.obj</file>
         <name>mpu.obj</name>
      </input_file>
      <input_file id="fl-18">
         <path>.\driverlib\</path>
         <kind>object</kind>
         <file>onewire.obj</file>
         <name>onewire.obj</name>
      </input_file>
      <input_file id="fl-19">
         <path>.\driverlib\</path>
         <kind>object</kind>
         <file>pwm.obj</file>
         <name>pwm.obj</name>
      </input_file>
      <input_file id="fl-1a">
         <path>.\driverlib\</path>
         <kind>object</kind>
         <file>qei.obj</file>
         <name>qei.obj</name>
      </input_file>
      <input_file id="fl-1b">
         <path>.\driverlib\</path>
         <kind>object</kind>
         <file>shamd5.obj</file>
         <name>shamd5.obj</name>
      </input_file>
      <input_file id="fl-1c">
         <path>.\driverlib\</path>
         <kind>object</kind>
         <file>ssi.obj</file>
         <name>ssi.obj</name>
      </input_file>
      <input_file id="fl-1d">
         <path>.\driverlib\</path>
         <kind>object</kind>
         <file>sw_crc.obj</file>
         <name>sw_crc.obj</name>
      </input_file>
      <input_file id="fl-1e">
         <path>.\driverlib\</path>
         <kind>object</kind>
         <file>sysctl.obj</file>
         <name>sysctl.obj</name>
      </input_file>
      <input_file id="fl-1f">
         <path>.\driverlib\</path>
         <kind>object</kind>
         <file>sysexc.obj</file>
         <name>sysexc.obj</name>
      </input_file>
      <input_file id="fl-20">
         <path>.\driverlib\</path>
         <kind>object</kind>
         <file>systick.obj</file>
         <name>systick.obj</name>
      </input_file>
      <input_file id="fl-21">
         <path>.\driverlib\</path>
         <kind>object</kind>
         <file>timer.obj</file>
         <name>timer.obj</name>
      </input_file>
      <input_file id="fl-22">
         <path>.\driverlib\</path>
         <kind>object</kind>
         <file>uart.obj</file>
         <name>uart.obj</name>
      </input_file>
      <input_file id="fl-23">
         <path>.\driverlib\</path>
         <kind>object</kind>
         <file>udma.obj</file>
         <name>udma.obj</name>
      </input_file>
      <input_file id="fl-24">
         <path>.\driverlib\</path>
         <kind>object</kind>
         <file>usb.obj</file>
         <name>usb.obj</name>
      </input_file>
      <input_file id="fl-25">
         <path>.\driverlib\</path>
         <kind>object</kind>
         <file>watchdog.obj</file>
         <name>watchdog.obj</name>
      </input_file>
      <input_file id="fl-26">
         <path>.\utils\</path>
         <kind>object</kind>
         <file>uartstdio.obj</file>
         <name>uartstdio.obj</name>
      </input_file>
      <input_file id="fl-2e">
         <kind>object</kind>
         <file>&lt;internal&gt;</file>
         <name>&lt;internal&gt;</name>
      </input_file>
      <input_file id="fl-e4">
         <path>C:\ti\ccs910\ccs\tools\compiler\ti-cgt-arm_18.12.2.LTS\lib\</path>
         <kind>archive</kind>
         <file>rtsv7M4_T_le_v4SPD16_eabi.lib</file>
         <name>printf.c.obj</name>
      </input_file>
      <input_file id="fl-e5">
         <path>C:\ti\ccs910\ccs\tools\compiler\ti-cgt-arm_18.12.2.LTS\lib\</path>
         <kind>archive</kind>
         <file>rtsv7M4_T_le_v4SPD16_eabi.lib</file>
         <name>_printfi_min.c.obj</name>
      </input_file>
      <input_file id="fl-e6">
         <path>C:\ti\ccs910\ccs\tools\compiler\ti-cgt-arm_18.12.2.LTS\lib\</path>
         <kind>archive</kind>
         <file>rtsv7M4_T_le_v4SPD16_eabi.lib</file>
         <name>fflush.c.obj</name>
      </input_file>
      <input_file id="fl-e7">
         <path>C:\ti\ccs910\ccs\tools\compiler\ti-cgt-arm_18.12.2.LTS\lib\</path>
         <kind>archive</kind>
         <file>rtsv7M4_T_le_v4SPD16_eabi.lib</file>
         <name>fgets.c.obj</name>
      </input_file>
      <input_file id="fl-e8">
         <path>C:\ti\ccs910\ccs\tools\compiler\ti-cgt-arm_18.12.2.LTS\lib\</path>
         <kind>archive</kind>
         <file>rtsv7M4_T_le_v4SPD16_eabi.lib</file>
         <name>fputc.c.obj</name>
      </input_file>
      <input_file id="fl-e9">
         <path>C:\ti\ccs910\ccs\tools\compiler\ti-cgt-arm_18.12.2.LTS\lib\</path>
         <kind>archive</kind>
         <file>rtsv7M4_T_le_v4SPD16_eabi.lib</file>
         <name>fputs.c.obj</name>
      </input_file>
      <input_file id="fl-ea">
         <path>C:\ti\ccs910\ccs\tools\compiler\ti-cgt-arm_18.12.2.LTS\lib\</path>
         <kind>archive</kind>
         <file>rtsv7M4_T_le_v4SPD16_eabi.lib</file>
         <name>_bufread.c.obj</name>
      </input_file>
      <input_file id="fl-eb">
         <path>C:\ti\ccs910\ccs\tools\compiler\ti-cgt-arm_18.12.2.LTS\lib\</path>
         <kind>archive</kind>
         <file>rtsv7M4_T_le_v4SPD16_eabi.lib</file>
         <name>_io_perm.c.obj</name>
      </input_file>
      <input_file id="fl-ec">
         <path>C:\ti\ccs910\ccs\tools\compiler\ti-cgt-arm_18.12.2.LTS\lib\</path>
         <kind>archive</kind>
         <file>rtsv7M4_T_le_v4SPD16_eabi.lib</file>
         <name>setvbuf.c.obj</name>
      </input_file>
      <input_file id="fl-ed">
         <path>C:\ti\ccs910\ccs\tools\compiler\ti-cgt-arm_18.12.2.LTS\lib\</path>
         <kind>archive</kind>
         <file>rtsv7M4_T_le_v4SPD16_eabi.lib</file>
         <name>memset_t2.asm.obj</name>
      </input_file>
      <input_file id="fl-ee">
         <path>C:\ti\ccs910\ccs\tools\compiler\ti-cgt-arm_18.12.2.LTS\lib\</path>
         <kind>archive</kind>
         <file>rtsv7M4_T_le_v4SPD16_eabi.lib</file>
         <name>memcpy_t2.asm.obj</name>
      </input_file>
      <input_file id="fl-ef">
         <path>C:\ti\ccs910\ccs\tools\compiler\ti-cgt-arm_18.12.2.LTS\lib\</path>
         <kind>archive</kind>
         <file>rtsv7M4_T_le_v4SPD16_eabi.lib</file>
         <name>u_divt2.asm.obj</name>
      </input_file>
      <input_file id="fl-f0">
         <path>C:\ti\ccs910\ccs\tools\compiler\ti-cgt-arm_18.12.2.LTS\lib\</path>
         <kind>archive</kind>
         <file>rtsv7M4_T_le_v4SPD16_eabi.lib</file>
         <name>copy_zero_init.c.obj</name>
      </input_file>
      <input_file id="fl-f1">
         <path>C:\ti\ccs910\ccs\tools\compiler\ti-cgt-arm_18.12.2.LTS\lib\</path>
         <kind>archive</kind>
         <file>rtsv7M4_T_le_v4SPD16_eabi.lib</file>
         <name>copy_decompress_none.c.obj</name>
      </input_file>
      <input_file id="fl-f2">
         <path>C:\ti\ccs910\ccs\tools\compiler\ti-cgt-arm_18.12.2.LTS\lib\</path>
         <kind>archive</kind>
         <file>rtsv7M4_T_le_v4SPD16_eabi.lib</file>
         <name>copy_decompress_lzss.c.obj</name>
      </input_file>
      <input_file id="fl-f3">
         <path>C:\ti\ccs910\ccs\tools\compiler\ti-cgt-arm_18.12.2.LTS\lib\</path>
         <kind>archive</kind>
         <file>rtsv7M4_T_le_v4SPD16_eabi.lib</file>
         <name>exit.c.obj</name>
      </input_file>
      <input_file id="fl-f4">
         <path>C:\ti\ccs910\ccs\tools\compiler\ti-cgt-arm_18.12.2.LTS\lib\</path>
         <kind>archive</kind>
         <file>rtsv7M4_T_le_v4SPD16_eabi.lib</file>
         <name>_lock.c.obj</name>
      </input_file>
      <input_file id="fl-f5">
         <path>C:\ti\ccs910\ccs\tools\compiler\ti-cgt-arm_18.12.2.LTS\lib\</path>
         <kind>archive</kind>
         <file>rtsv7M4_T_le_v4SPD16_eabi.lib</file>
         <name>defs.c.obj</name>
      </input_file>
      <input_file id="fl-f6">
         <path>C:\ti\ccs910\ccs\tools\compiler\ti-cgt-arm_18.12.2.LTS\lib\</path>
         <kind>archive</kind>
         <file>rtsv7M4_T_le_v4SPD16_eabi.lib</file>
         <name>memccpy.c.obj</name>
      </input_file>
      <input_file id="fl-f7">
         <path>C:\ti\ccs910\ccs\tools\compiler\ti-cgt-arm_18.12.2.LTS\lib\</path>
         <kind>archive</kind>
         <file>rtsv7M4_T_le_v4SPD16_eabi.lib</file>
         <name>memchr.c.obj</name>
      </input_file>
      <input_file id="fl-f8">
         <path>C:\ti\ccs910\ccs\tools\compiler\ti-cgt-arm_18.12.2.LTS\lib\</path>
         <kind>archive</kind>
         <file>rtsv7M4_T_le_v4SPD16_eabi.lib</file>
         <name>memory.c.obj</name>
      </input_file>
      <input_file id="fl-f9">
         <path>C:\ti\ccs910\ccs\tools\compiler\ti-cgt-arm_18.12.2.LTS\lib\</path>
         <kind>archive</kind>
         <file>rtsv7M4_T_le_v4SPD16_eabi.lib</file>
         <name>strlen.c.obj</name>
      </input_file>
      <input_file id="fl-fa">
         <path>C:\ti\ccs910\ccs\tools\compiler\ti-cgt-arm_18.12.2.LTS\lib\</path>
         <kind>archive</kind>
         <file>rtsv7M4_T_le_v4SPD16_eabi.lib</file>
         <name>write.c.obj</name>
      </input_file>
      <input_file id="fl-fb">
         <path>C:\ti\ccs910\ccs\tools\compiler\ti-cgt-arm_18.12.2.LTS\lib\</path>
         <kind>archive</kind>
         <file>rtsv7M4_T_le_v4SPD16_eabi.lib</file>
         <name>host_device.c.obj</name>
      </input_file>
      <input_file id="fl-fc">
         <path>C:\ti\ccs910\ccs\tools\compiler\ti-cgt-arm_18.12.2.LTS\lib\</path>
         <kind>archive</kind>
         <file>rtsv7M4_T_le_v4SPD16_eabi.lib</file>
         <name>read.c.obj</name>
      </input_file>
      <input_file id="fl-fd">
         <path>C:\ti\ccs910\ccs\tools\compiler\ti-cgt-arm_18.12.2.LTS\lib\</path>
         <kind>archive</kind>
         <file>rtsv7M4_T_le_v4SPD16_eabi.lib</file>
         <name>boot_cortex_m.c.obj</name>
      </input_file>
      <input_file id="fl-fe">
         <path>C:\ti\ccs910\ccs\tools\compiler\ti-cgt-arm_18.12.2.LTS\lib\</path>
         <kind>archive</kind>
         <file>rtsv7M4_T_le_v4SPD16_eabi.lib</file>
         <name>fopen.c.obj</name>
      </input_file>
      <input_file id="fl-ff">
         <path>C:\ti\ccs910\ccs\tools\compiler\ti-cgt-arm_18.12.2.LTS\lib\</path>
         <kind>archive</kind>
         <file>rtsv7M4_T_le_v4SPD16_eabi.lib</file>
         <name>fseek.c.obj</name>
      </input_file>
      <input_file id="fl-100">
         <path>C:\ti\ccs910\ccs\tools\compiler\ti-cgt-arm_18.12.2.LTS\lib\</path>
         <kind>archive</kind>
         <file>rtsv7M4_T_le_v4SPD16_eabi.lib</file>
         <name>div0.asm.obj</name>
      </input_file>
      <input_file id="fl-101">
         <path>C:\ti\ccs910\ccs\tools\compiler\ti-cgt-arm_18.12.2.LTS\lib\</path>
         <kind>archive</kind>
         <file>rtsv7M4_T_le_v4SPD16_eabi.lib</file>
         <name>autoinit.c.obj</name>
      </input_file>
      <input_file id="fl-102">
         <path>C:\ti\ccs910\ccs\tools\compiler\ti-cgt-arm_18.12.2.LTS\lib\</path>
         <kind>archive</kind>
         <file>rtsv7M4_T_le_v4SPD16_eabi.lib</file>
         <name>pre_init.c.obj</name>
      </input_file>
      <input_file id="fl-103">
         <path>C:\ti\ccs910\ccs\tools\compiler\ti-cgt-arm_18.12.2.LTS\lib\</path>
         <kind>archive</kind>
         <file>rtsv7M4_T_le_v4SPD16_eabi.lib</file>
         <name>cpy_tbl.c.obj</name>
      </input_file>
      <input_file id="fl-104">
         <path>C:\ti\ccs910\ccs\tools\compiler\ti-cgt-arm_18.12.2.LTS\lib\</path>
         <kind>archive</kind>
         <file>rtsv7M4_T_le_v4SPD16_eabi.lib</file>
         <name>args_main.c.obj</name>
      </input_file>
      <input_file id="fl-105">
         <path>C:\ti\ccs910\ccs\tools\compiler\ti-cgt-arm_18.12.2.LTS\lib\</path>
         <kind>archive</kind>
         <file>rtsv7M4_T_le_v4SPD16_eabi.lib</file>
         <name>hostclose.c.obj</name>
      </input_file>
      <input_file id="fl-106">
         <path>C:\ti\ccs910\ccs\tools\compiler\ti-cgt-arm_18.12.2.LTS\lib\</path>
         <kind>archive</kind>
         <file>rtsv7M4_T_le_v4SPD16_eabi.lib</file>
         <name>hostlseek.c.obj</name>
      </input_file>
      <input_file id="fl-107">
         <path>C:\ti\ccs910\ccs\tools\compiler\ti-cgt-arm_18.12.2.LTS\lib\</path>
         <kind>archive</kind>
         <file>rtsv7M4_T_le_v4SPD16_eabi.lib</file>
         <name>hostopen.c.obj</name>
      </input_file>
      <input_file id="fl-108">
         <path>C:\ti\ccs910\ccs\tools\compiler\ti-cgt-arm_18.12.2.LTS\lib\</path>
         <kind>archive</kind>
         <file>rtsv7M4_T_le_v4SPD16_eabi.lib</file>
         <name>hostread.c.obj</name>
      </input_file>
      <input_file id="fl-109">
         <path>C:\ti\ccs910\ccs\tools\compiler\ti-cgt-arm_18.12.2.LTS\lib\</path>
         <kind>archive</kind>
         <file>rtsv7M4_T_le_v4SPD16_eabi.lib</file>
         <name>hostrename.c.obj</name>
      </input_file>
      <input_file id="fl-10a">
         <path>C:\ti\ccs910\ccs\tools\compiler\ti-cgt-arm_18.12.2.LTS\lib\</path>
         <kind>archive</kind>
         <file>rtsv7M4_T_le_v4SPD16_eabi.lib</file>
         <name>hostunlink.c.obj</name>
      </input_file>
      <input_file id="fl-10b">
         <path>C:\ti\ccs910\ccs\tools\compiler\ti-cgt-arm_18.12.2.LTS\lib\</path>
         <kind>archive</kind>
         <file>rtsv7M4_T_le_v4SPD16_eabi.lib</file>
         <name>hostwrite.c.obj</name>
      </input_file>
      <input_file id="fl-10c">
         <path>C:\ti\ccs910\ccs\tools\compiler\ti-cgt-arm_18.12.2.LTS\lib\</path>
         <kind>archive</kind>
         <file>rtsv7M4_T_le_v4SPD16_eabi.lib</file>
         <name>trgmsg.c.obj</name>
      </input_file>
      <input_file id="fl-10d">
         <path>C:\ti\ccs910\ccs\tools\compiler\ti-cgt-arm_18.12.2.LTS\lib\</path>
         <kind>archive</kind>
         <file>rtsv7M4_T_le_v4SPD16_eabi.lib</file>
         <name>open.c.obj</name>
      </input_file>
      <input_file id="fl-10e">
         <path>C:\ti\ccs910\ccs\tools\compiler\ti-cgt-arm_18.12.2.LTS\lib\</path>
         <kind>archive</kind>
         <file>rtsv7M4_T_le_v4SPD16_eabi.lib</file>
         <name>lseek.c.obj</name>
      </input_file>
      <input_file id="fl-10f">
         <path>C:\ti\ccs910\ccs\tools\compiler\ti-cgt-arm_18.12.2.LTS\lib\</path>
         <kind>archive</kind>
         <file>rtsv7M4_T_le_v4SPD16_eabi.lib</file>
         <name>fclose.c.obj</name>
      </input_file>
      <input_file id="fl-110">
         <path>C:\ti\ccs910\ccs\tools\compiler\ti-cgt-arm_18.12.2.LTS\lib\</path>
         <kind>archive</kind>
         <file>rtsv7M4_T_le_v4SPD16_eabi.lib</file>
         <name>getdevice.c.obj</name>
      </input_file>
      <input_file id="fl-111">
         <path>C:\ti\ccs910\ccs\tools\compiler\ti-cgt-arm_18.12.2.LTS\lib\</path>
         <kind>archive</kind>
         <file>rtsv7M4_T_le_v4SPD16_eabi.lib</file>
         <name>strchr.c.obj</name>
      </input_file>
      <input_file id="fl-112">
         <path>C:\ti\ccs910\ccs\tools\compiler\ti-cgt-arm_18.12.2.LTS\lib\</path>
         <kind>archive</kind>
         <file>rtsv7M4_T_le_v4SPD16_eabi.lib</file>
         <name>strcmp.c.obj</name>
      </input_file>
      <input_file id="fl-113">
         <path>C:\ti\ccs910\ccs\tools\compiler\ti-cgt-arm_18.12.2.LTS\lib\</path>
         <kind>archive</kind>
         <file>rtsv7M4_T_le_v4SPD16_eabi.lib</file>
         <name>strcpy.c.obj</name>
      </input_file>
      <input_file id="fl-114">
         <path>C:\ti\ccs910\ccs\tools\compiler\ti-cgt-arm_18.12.2.LTS\lib\</path>
         <kind>archive</kind>
         <file>rtsv7M4_T_le_v4SPD16_eabi.lib</file>
         <name>strncpy.c.obj</name>
      </input_file>
      <input_file id="fl-115">
         <path>C:\ti\ccs910\ccs\tools\compiler\ti-cgt-arm_18.12.2.LTS\lib\</path>
         <kind>archive</kind>
         <file>rtsv7M4_T_le_v4SPD16_eabi.lib</file>
         <name>remove.c.obj</name>
      </input_file>
      <input_file id="fl-116">
         <path>C:\ti\ccs910\ccs\tools\compiler\ti-cgt-arm_18.12.2.LTS\lib\</path>
         <kind>archive</kind>
         <file>rtsv7M4_T_le_v4SPD16_eabi.lib</file>
         <name>close.c.obj</name>
      </input_file>
      <input_file id="fl-117">
         <path>C:\ti\ccs910\ccs\tools\compiler\ti-cgt-arm_18.12.2.LTS\lib\</path>
         <kind>archive</kind>
         <file>rtsv7M4_T_le_v4SPD16_eabi.lib</file>
         <name>unlink.c.obj</name>
      </input_file>
   </input_file_list>
   <object_component_list>
      <object_component id="oc-f">
         <name>.intvecs</name>
         <load_address>0x0</load_address>
         <run_address>0x0</run_address>
         <size>0x208</size>
         <input_file_ref idref="fl-4"/>
      </object_component>
      <object_component id="oc-ac">
         <name>.text</name>
         <load_address>0x208</load_address>
         <run_address>0x208</run_address>
         <size>0x2d0</size>
         <input_file_ref idref="fl-3"/>
      </object_component>
      <object_component id="oc-2d">
         <name>.text</name>
         <load_address>0x4d8</load_address>
         <run_address>0x4d8</run_address>
         <size>0x2b0</size>
         <input_file_ref idref="fl-2"/>
      </object_component>
      <object_component id="oc-ca">
         <name>.text:__TI_printfi_minimal</name>
         <load_address>0x788</load_address>
         <run_address>0x788</run_address>
         <size>0x226</size>
         <input_file_ref idref="fl-e5"/>
      </object_component>
      <object_component id="oc-161">
         <name>.text:_nop</name>
         <load_address>0x9ae</load_address>
         <run_address>0x9ae</run_address>
         <size>0x2</size>
         <input_file_ref idref="fl-f4"/>
      </object_component>
      <object_component id="oc-191">
         <name>.text:_dofgets</name>
         <load_address>0x9b0</load_address>
         <run_address>0x9b0</run_address>
         <size>0x13c</size>
         <input_file_ref idref="fl-e7"/>
      </object_component>
      <object_component id="oc-16f">
         <name>.text:fputs</name>
         <load_address>0xaec</load_address>
         <run_address>0xaec</run_address>
         <size>0x114</size>
         <input_file_ref idref="fl-e9"/>
      </object_component>
      <object_component id="oc-290">
         <name>.text:aligned_alloc</name>
         <load_address>0xc00</load_address>
         <run_address>0xc00</run_address>
         <size>0xf4</size>
         <input_file_ref idref="fl-f8"/>
      </object_component>
      <object_component id="oc-24c">
         <name>.text:free</name>
         <load_address>0xcf4</load_address>
         <run_address>0xcf4</run_address>
         <size>0xe8</size>
         <input_file_ref idref="fl-f8"/>
      </object_component>
      <object_component id="oc-220">
         <name>.text:setvbuf</name>
         <load_address>0xddc</load_address>
         <run_address>0xddc</run_address>
         <size>0xdc</size>
         <input_file_ref idref="fl-ec"/>
      </object_component>
      <object_component id="oc-1f0">
         <name>.text:__TI_buff_read</name>
         <load_address>0xeb8</load_address>
         <run_address>0xeb8</run_address>
         <size>0x9c</size>
         <input_file_ref idref="fl-ea"/>
      </object_component>
      <object_component id="oc-41">
         <name>.text</name>
         <load_address>0xf54</load_address>
         <run_address>0xf54</run_address>
         <size>0x9c</size>
         <input_file_ref idref="fl-ee"/>
      </object_component>
      <object_component id="oc-176">
         <name>.text:fputc</name>
         <load_address>0xff0</load_address>
         <run_address>0xff0</run_address>
         <size>0x8c</size>
         <input_file_ref idref="fl-e8"/>
      </object_component>
      <object_component id="oc-ff">
         <name>.text:fflush</name>
         <load_address>0x107c</load_address>
         <run_address>0x107c</run_address>
         <size>0x7c</size>
         <input_file_ref idref="fl-e6"/>
      </object_component>
      <object_component id="oc-2d5">
         <name>.text:split</name>
         <load_address>0x10f8</load_address>
         <run_address>0x10f8</run_address>
         <size>0x7c</size>
         <input_file_ref idref="fl-f8"/>
      </object_component>
      <object_component id="oc-a0">
         <name>.text</name>
         <load_address>0x1174</load_address>
         <run_address>0x1174</run_address>
         <size>0x7a</size>
         <input_file_ref idref="fl-ed"/>
      </object_component>
      <object_component id="oc-297">
         <name>.text:__TI_closefile</name>
         <load_address>0x11f0</load_address>
         <run_address>0x11f0</run_address>
         <size>0x74</size>
         <input_file_ref idref="fl-10f"/>
      </object_component>
      <object_component id="oc-2b8">
         <name>.text:HOSTlseek</name>
         <load_address>0x1264</load_address>
         <run_address>0x1264</run_address>
         <size>0x68</size>
         <input_file_ref idref="fl-106"/>
      </object_component>
      <object_component id="oc-2c4">
         <name>.text:HOSTrename</name>
         <load_address>0x12cc</load_address>
         <run_address>0x12cc</run_address>
         <size>0x68</size>
         <input_file_ref idref="fl-109"/>
      </object_component>
      <object_component id="oc-12">
         <name>.text:decompress:lzss:__TI_decompress_lzss</name>
         <load_address>0x1334</load_address>
         <run_address>0x1334</run_address>
         <size>0x68</size>
         <input_file_ref idref="fl-f2"/>
      </object_component>
      <object_component id="oc-78">
         <name>.text:printf</name>
         <load_address>0x139c</load_address>
         <run_address>0x139c</run_address>
         <size>0x68</size>
         <input_file_ref idref="fl-e4"/>
      </object_component>
      <object_component id="oc-21a">
         <name>.text:fseek</name>
         <load_address>0x1404</load_address>
         <run_address>0x1404</run_address>
         <size>0x64</size>
         <input_file_ref idref="fl-ff"/>
      </object_component>
      <object_component id="oc-1cf">
         <name>.text:__TI_wrt_ok</name>
         <load_address>0x1468</load_address>
         <run_address>0x1468</run_address>
         <size>0x62</size>
         <input_file_ref idref="fl-eb"/>
      </object_component>
      <object_component id="oc-2a0">
         <name>.text:HOSTopen</name>
         <load_address>0x14cc</load_address>
         <run_address>0x14cc</run_address>
         <size>0x60</size>
         <input_file_ref idref="fl-107"/>
      </object_component>
      <object_component id="oc-2dc">
         <name>.text:close</name>
         <load_address>0x152c</load_address>
         <run_address>0x152c</run_address>
         <size>0x5c</size>
         <input_file_ref idref="fl-116"/>
      </object_component>
      <object_component id="oc-2ac">
         <name>.text:HOSTread</name>
         <load_address>0x1588</load_address>
         <run_address>0x1588</run_address>
         <size>0x58</size>
         <input_file_ref idref="fl-108"/>
      </object_component>
      <object_component id="oc-2b2">
         <name>.text:HOSTwrite</name>
         <load_address>0x15e0</load_address>
         <run_address>0x15e0</run_address>
         <size>0x58</size>
         <input_file_ref idref="fl-10b"/>
      </object_component>
      <object_component id="oc-186">
         <name>.text:__TI_doflush</name>
         <load_address>0x1638</load_address>
         <run_address>0x1638</run_address>
         <size>0x4c</size>
         <input_file_ref idref="fl-e6"/>
      </object_component>
      <object_component id="oc-1ea">
         <name>.text:__TI_rd_ok</name>
         <load_address>0x1684</load_address>
         <run_address>0x1684</run_address>
         <size>0x4a</size>
         <input_file_ref idref="fl-eb"/>
      </object_component>
      <object_component id="oc-116">
         <name>.text:exit</name>
         <load_address>0x16d0</load_address>
         <run_address>0x16d0</run_address>
         <size>0x48</size>
         <input_file_ref idref="fl-f3"/>
      </object_component>
      <object_component id="oc-2a6">
         <name>.text:HOSTclose</name>
         <load_address>0x1718</load_address>
         <run_address>0x1718</run_address>
         <size>0x44</size>
         <input_file_ref idref="fl-105"/>
      </object_component>
      <object_component id="oc-2be">
         <name>.text:HOSTunlink</name>
         <load_address>0x175c</load_address>
         <run_address>0x175c</run_address>
         <size>0x44</size>
         <input_file_ref idref="fl-10a"/>
      </object_component>
      <object_component id="oc-11c">
         <name>.text:__TI_auto_init_nobinit_nopinit:__TI_auto_init_nobinit_nopinit</name>
         <load_address>0x17a0</load_address>
         <run_address>0x17a0</run_address>
         <size>0x44</size>
         <input_file_ref idref="fl-101"/>
      </object_component>
      <object_component id="oc-312">
         <name>.text:getdevice</name>
         <load_address>0x17e4</load_address>
         <run_address>0x17e4</run_address>
         <size>0x44</size>
         <input_file_ref idref="fl-110"/>
      </object_component>
      <object_component id="oc-2eb">
         <name>.text:__TI_writemsg</name>
         <load_address>0x1828</load_address>
         <run_address>0x1828</run_address>
         <size>0x38</size>
         <input_file_ref idref="fl-10c"/>
      </object_component>
      <object_component id="oc-33a">
         <name>.text:strncpy</name>
         <load_address>0x1860</load_address>
         <run_address>0x1860</run_address>
         <size>0x36</size>
         <input_file_ref idref="fl-114"/>
      </object_component>
      <object_component id="oc-258">
         <name>.text:__TI_cleanup</name>
         <load_address>0x1898</load_address>
         <run_address>0x1898</run_address>
         <size>0x34</size>
         <input_file_ref idref="fl-fe"/>
      </object_component>
      <object_component id="oc-2f1">
         <name>.text:__TI_readmsg</name>
         <load_address>0x18cc</load_address>
         <run_address>0x18cc</run_address>
         <size>0x34</size>
         <input_file_ref idref="fl-10c"/>
      </object_component>
      <object_component id="oc-5f">
         <name>.text:_c_int00_noargs:_c_int00_noargs</name>
         <load_address>0x1900</load_address>
         <run_address>0x1900</run_address>
         <size>0x34</size>
         <input_file_ref idref="fl-fd"/>
      </object_component>
      <object_component id="oc-340">
         <name>.text:finddevice</name>
         <load_address>0x1934</load_address>
         <run_address>0x1934</run_address>
         <size>0x30</size>
         <input_file_ref idref="fl-110"/>
      </object_component>
      <object_component id="oc-2e2">
         <name>.text:unlink</name>
         <load_address>0x1964</load_address>
         <run_address>0x1964</run_address>
         <size>0x2c</size>
         <input_file_ref idref="fl-117"/>
      </object_component>
      <object_component id="oc-289">
         <name>.text:free_list_insert</name>
         <load_address>0x1990</load_address>
         <run_address>0x1990</run_address>
         <size>0x28</size>
         <input_file_ref idref="fl-f8"/>
      </object_component>
      <object_component id="oc-244">
         <name>.text:lseek</name>
         <load_address>0x19b8</load_address>
         <run_address>0x19b8</run_address>
         <size>0x28</size>
         <input_file_ref idref="fl-10e"/>
      </object_component>
      <object_component id="oc-1f6">
         <name>.text:read</name>
         <load_address>0x19e0</load_address>
         <run_address>0x19e0</run_address>
         <size>0x28</size>
         <input_file_ref idref="fl-fc"/>
      </object_component>
      <object_component id="oc-1db">
         <name>.text:write</name>
         <load_address>0x1a08</load_address>
         <run_address>0x1a08</run_address>
         <size>0x28</size>
         <input_file_ref idref="fl-fa"/>
      </object_component>
      <object_component id="oc-1d5">
         <name>.text:memchr</name>
         <load_address>0x1a30</load_address>
         <run_address>0x1a30</run_address>
         <size>0x20</size>
         <input_file_ref idref="fl-f7"/>
      </object_component>
      <object_component id="oc-4d">
         <name>.text:decompress:ZI:__TI_zero_init_nomemset:__TI_zero_init_nomemset</name>
         <load_address>0x1a50</load_address>
         <run_address>0x1a50</run_address>
         <size>0x1c</size>
         <input_file_ref idref="fl-f0"/>
      </object_component>
      <object_component id="oc-283">
         <name>.text:free_list_remove</name>
         <load_address>0x1a6c</load_address>
         <run_address>0x1a6c</run_address>
         <size>0x1c</size>
         <input_file_ref idref="fl-f8"/>
      </object_component>
      <object_component id="oc-154">
         <name>.text:memccpy</name>
         <load_address>0x1a88</load_address>
         <run_address>0x1a88</run_address>
         <size>0x1c</size>
         <input_file_ref idref="fl-f6"/>
      </object_component>
      <object_component id="oc-359">
         <name>.text:strcmp</name>
         <load_address>0x1aa4</load_address>
         <run_address>0x1aa4</run_address>
         <size>0x18</size>
         <input_file_ref idref="fl-112"/>
      </object_component>
      <object_component id="oc-334">
         <name>.text:strchr</name>
         <load_address>0x1abc</load_address>
         <run_address>0x1abc</run_address>
         <size>0x16</size>
         <input_file_ref idref="fl-111"/>
      </object_component>
      <object_component id="oc-305">
         <name>.text:strcpy</name>
         <load_address>0x1ad2</load_address>
         <run_address>0x1ad2</run_address>
         <size>0x14</size>
         <input_file_ref idref="fl-113"/>
      </object_component>
      <object_component id="oc-14e">
         <name>.text:strlen</name>
         <load_address>0x1ae6</load_address>
         <run_address>0x1ae6</run_address>
         <size>0x14</size>
         <input_file_ref idref="fl-f9"/>
      </object_component>
      <object_component id="oc-18">
         <name>.text:decompress:none:__TI_decompress_none</name>
         <load_address>0x1afa</load_address>
         <run_address>0x1afa</run_address>
         <size>0xe</size>
         <input_file_ref idref="fl-f1"/>
      </object_component>
      <object_component id="oc-27">
         <name>.text</name>
         <load_address>0x1b08</load_address>
         <run_address>0x1b08</run_address>
         <size>0xc</size>
         <input_file_ref idref="fl-4"/>
      </object_component>
      <object_component id="oc-252">
         <name>.text:malloc</name>
         <load_address>0x1b14</load_address>
         <run_address>0x1b14</run_address>
         <size>0x8</size>
         <input_file_ref idref="fl-f8"/>
      </object_component>
      <object_component id="oc-105">
         <name>.text:fgets</name>
         <load_address>0x1b1c</load_address>
         <run_address>0x1b1c</run_address>
         <size>0x6</size>
         <input_file_ref idref="fl-e7"/>
      </object_component>
      <object_component id="oc-dc">
         <name>.text:_outc</name>
         <load_address>0x1b22</load_address>
         <run_address>0x1b22</run_address>
         <size>0x4</size>
         <input_file_ref idref="fl-e4"/>
      </object_component>
      <object_component id="oc-d6">
         <name>.text:_outs</name>
         <load_address>0x1b26</load_address>
         <run_address>0x1b26</run_address>
         <size>0x4</size>
         <input_file_ref idref="fl-e4"/>
      </object_component>
      <object_component id="oc-a6">
         <name>.text:_system_pre_init</name>
         <load_address>0x1b2a</load_address>
         <run_address>0x1b2a</run_address>
         <size>0x4</size>
         <input_file_ref idref="fl-102"/>
      </object_component>
      <object_component id="oc-110">
         <name>.text:abort:abort</name>
         <load_address>0x1b2e</load_address>
         <run_address>0x1b2e</run_address>
         <size>0x4</size>
         <input_file_ref idref="fl-f3"/>
      </object_component>
      <object_component id="oc-10b">
         <name>.const:.string:$P$T0$1</name>
         <load_address>0x1b32</load_address>
         <run_address>0x1b32</run_address>
         <size>0x2</size>
         <input_file_ref idref="fl-3"/>
      </object_component>
      <object_component id="oc-393">
         <name>.cinit..data.load</name>
         <load_address>0x1b38</load_address>
         <run_address>0x1b38</run_address>
         <size>0x66</size>
      </object_component>
      <object_component id="oc-391">
         <name>__TI_handler_table</name>
         <load_address>0x1ba0</load_address>
         <run_address>0x1ba0</run_address>
         <size>0xc</size>
      </object_component>
      <object_component id="oc-394">
         <name>.cinit..bss.load</name>
         <load_address>0x1bb0</load_address>
         <run_address>0x1bb0</run_address>
         <size>0x8</size>
      </object_component>
      <object_component id="oc-392">
         <name>__TI_cinit_table</name>
         <load_address>0x1bb8</load_address>
         <run_address>0x1bb8</run_address>
         <size>0x10</size>
      </object_component>
      <object_component id="oc-1a3">
         <name>.data:$O1$$</name>
         <load_address>0x200003c8</load_address>
         <run_address>0x200003c8</run_address>
         <size>0xc</size>
         <input_file_ref idref="fl-f3"/>
      </object_component>
      <object_component id="oc-d0">
         <name>.data:$O1$$</name>
         <load_address>0x200003d4</load_address>
         <run_address>0x200003d4</run_address>
         <size>0x8</size>
         <input_file_ref idref="fl-f4"/>
      </object_component>
      <object_component id="oc-d3">
         <name>.data:_ftable</name>
         <load_address>0x20000200</load_address>
         <run_address>0x20000200</run_address>
         <size>0xf0</size>
         <input_file_ref idref="fl-f5"/>
      </object_component>
      <object_component id="oc-18c">
         <name>.data</name>
         <load_address>0x200003b8</load_address>
         <run_address>0x200003b8</run_address>
         <size>0x10</size>
         <input_file_ref idref="fl-f5"/>
      </object_component>
      <object_component id="oc-2d0">
         <name>.data:$O1$$</name>
         <load_address>0x200003dc</load_address>
         <run_address>0x200003dc</run_address>
         <size>0x8</size>
         <input_file_ref idref="fl-f8"/>
      </object_component>
      <object_component id="oc-269">
         <name>.data:_device</name>
         <load_address>0x200002f0</load_address>
         <run_address>0x200002f0</run_address>
         <size>0x78</size>
         <input_file_ref idref="fl-fb"/>
      </object_component>
      <object_component id="oc-22a">
         <name>.data:_stream</name>
         <load_address>0x20000368</load_address>
         <run_address>0x20000368</run_address>
         <size>0x50</size>
         <input_file_ref idref="fl-fb"/>
      </object_component>
      <object_component id="oc-31c">
         <name>.bss:_CIOBUF_</name>
         <uninitialized>true</uninitialized>
         <run_address>0x200003e4</run_address>
         <size>0x120</size>
         <input_file_ref idref="fl-10c"/>
      </object_component>
      <object_component id="oc-2e8">
         <name>.common:__TI_tmpnams</name>
         <uninitialized>true</uninitialized>
         <run_address>0x20000504</run_address>
         <size>0xa0</size>
      </object_component>
      <object_component id="oc-2f7">
         <name>.common:parmbuf</name>
         <uninitialized>true</uninitialized>
         <run_address>0x200005a4</run_address>
         <size>0x8</size>
      </object_component>
      <object_component id="oc-21">
         <name>.sysmem</name>
         <uninitialized>true</uninitialized>
         <run_address>0x200005b0</run_address>
         <size>0x10</size>
         <input_file_ref idref="fl-f8"/>
      </object_component>
      <object_component id="oc-396">
         <name>.sysmem</name>
         <uninitialized>true</uninitialized>
         <run_address>0x200005b0</run_address>
         <size>0x0</size>
      </object_component>
      <object_component id="oc-24">
         <name>.stack</name>
         <uninitialized>true</uninitialized>
         <run_address>0x20000000</run_address>
         <size>0x4</size>
         <input_file_ref idref="fl-fd"/>
      </object_component>
      <object_component id="oc-395">
         <name>.stack</name>
         <uninitialized>true</uninitialized>
         <run_address>0x20000000</run_address>
         <size>0x0</size>
      </object_component>
      <object_component id="oc-ee">
         <name>.debug_info</name>
         <load_address>0x0</load_address>
         <run_address>0x0</run_address>
         <size>0x2d7</size>
         <input_file_ref idref="fl-2"/>
      </object_component>
      <object_component id="oc-2e">
         <name>.debug_info</name>
         <load_address>0x2d7</load_address>
         <run_address>0x2d7</run_address>
         <size>0x3a3</size>
         <input_file_ref idref="fl-2"/>
      </object_component>
      <object_component id="oc-81">
         <name>.debug_info</name>
         <load_address>0x67a</load_address>
         <run_address>0x67a</run_address>
         <size>0x26b</size>
         <input_file_ref idref="fl-2"/>
      </object_component>
      <object_component id="oc-3c">
         <name>.debug_info</name>
         <load_address>0x8e5</load_address>
         <run_address>0x8e5</run_address>
         <size>0x84</size>
         <input_file_ref idref="fl-2"/>
      </object_component>
      <object_component id="oc-e9">
         <name>.debug_info</name>
         <load_address>0x969</load_address>
         <run_address>0x969</run_address>
         <size>0x297</size>
         <input_file_ref idref="fl-2"/>
      </object_component>
      <object_component id="oc-86">
         <name>.debug_info</name>
         <load_address>0xc00</load_address>
         <run_address>0xc00</run_address>
         <size>0xbb</size>
         <input_file_ref idref="fl-2"/>
      </object_component>
      <object_component id="oc-19d">
         <name>.debug_info</name>
         <load_address>0xcbb</load_address>
         <run_address>0xcbb</run_address>
         <size>0xcc</size>
         <input_file_ref idref="fl-2"/>
      </object_component>
      <object_component id="oc-e4">
         <name>.debug_info</name>
         <load_address>0xd87</load_address>
         <run_address>0xd87</run_address>
         <size>0x2c</size>
         <input_file_ref idref="fl-2"/>
      </object_component>
      <object_component id="oc-10f">
         <name>.debug_info</name>
         <load_address>0xdb3</load_address>
         <run_address>0xdb3</run_address>
         <size>0x374</size>
         <input_file_ref idref="fl-3"/>
      </object_component>
      <object_component id="oc-10c">
         <name>.debug_info</name>
         <load_address>0x1127</load_address>
         <run_address>0x1127</run_address>
         <size>0xd8</size>
         <input_file_ref idref="fl-3"/>
      </object_component>
      <object_component id="oc-ad">
         <name>.debug_info</name>
         <load_address>0x11ff</load_address>
         <run_address>0x11ff</run_address>
         <size>0x14d</size>
         <input_file_ref idref="fl-3"/>
      </object_component>
      <object_component id="oc-35">
         <name>.debug_info</name>
         <load_address>0x134c</load_address>
         <run_address>0x134c</run_address>
         <size>0x339</size>
         <input_file_ref idref="fl-4"/>
      </object_component>
      <object_component id="oc-10">
         <name>.debug_info</name>
         <load_address>0x1685</load_address>
         <run_address>0x1685</run_address>
         <size>0xf8</size>
         <input_file_ref idref="fl-4"/>
      </object_component>
      <object_component id="oc-2b">
         <name>.debug_info</name>
         <load_address>0x177d</load_address>
         <run_address>0x177d</run_address>
         <size>0x277</size>
         <input_file_ref idref="fl-4"/>
      </object_component>
      <object_component id="oc-e3">
         <name>.debug_info</name>
         <load_address>0x19f4</load_address>
         <run_address>0x19f4</run_address>
         <size>0x3e6</size>
         <input_file_ref idref="fl-e4"/>
      </object_component>
      <object_component id="oc-dd">
         <name>.debug_info</name>
         <load_address>0x1dda</load_address>
         <run_address>0x1dda</run_address>
         <size>0x158</size>
         <input_file_ref idref="fl-e4"/>
      </object_component>
      <object_component id="oc-d7">
         <name>.debug_info</name>
         <load_address>0x1f32</load_address>
         <run_address>0x1f32</run_address>
         <size>0x167</size>
         <input_file_ref idref="fl-e4"/>
      </object_component>
      <object_component id="oc-7c">
         <name>.debug_info</name>
         <load_address>0x2099</load_address>
         <run_address>0x2099</run_address>
         <size>0x1ad</size>
         <input_file_ref idref="fl-e4"/>
      </object_component>
      <object_component id="oc-17f">
         <name>.debug_info</name>
         <load_address>0x2246</load_address>
         <run_address>0x2246</run_address>
         <size>0xb2</size>
         <input_file_ref idref="fl-e4"/>
      </object_component>
      <object_component id="oc-15b">
         <name>.debug_info</name>
         <load_address>0x22f8</load_address>
         <run_address>0x22f8</run_address>
         <size>0x3d0</size>
         <input_file_ref idref="fl-e5"/>
      </object_component>
      <object_component id="oc-cd">
         <name>.debug_info</name>
         <load_address>0x26c8</load_address>
         <run_address>0x26c8</run_address>
         <size>0x416</size>
         <input_file_ref idref="fl-e5"/>
      </object_component>
      <object_component id="oc-15c">
         <name>.debug_info</name>
         <load_address>0x2ade</load_address>
         <run_address>0x2ade</run_address>
         <size>0x39</size>
         <input_file_ref idref="fl-e5"/>
      </object_component>
      <object_component id="oc-1c5">
         <name>.debug_info</name>
         <load_address>0x2b17</load_address>
         <run_address>0x2b17</run_address>
         <size>0x2c</size>
         <input_file_ref idref="fl-e5"/>
      </object_component>
      <object_component id="oc-190">
         <name>.debug_info</name>
         <load_address>0x2b43</load_address>
         <run_address>0x2b43</run_address>
         <size>0x348</size>
         <input_file_ref idref="fl-e6"/>
      </object_component>
      <object_component id="oc-187">
         <name>.debug_info</name>
         <load_address>0x2e8b</load_address>
         <run_address>0x2e8b</run_address>
         <size>0x18b</size>
         <input_file_ref idref="fl-e6"/>
      </object_component>
      <object_component id="oc-100">
         <name>.debug_info</name>
         <load_address>0x3016</load_address>
         <run_address>0x3016</run_address>
         <size>0x1c9</size>
         <input_file_ref idref="fl-e6"/>
      </object_component>
      <object_component id="oc-198">
         <name>.debug_info</name>
         <load_address>0x31df</load_address>
         <run_address>0x31df</run_address>
         <size>0x3d1</size>
         <input_file_ref idref="fl-e7"/>
      </object_component>
      <object_component id="oc-195">
         <name>.debug_info</name>
         <load_address>0x35b0</load_address>
         <run_address>0x35b0</run_address>
         <size>0x2d9</size>
         <input_file_ref idref="fl-e7"/>
      </object_component>
      <object_component id="oc-109">
         <name>.debug_info</name>
         <load_address>0x3889</load_address>
         <run_address>0x3889</run_address>
         <size>0x172</size>
         <input_file_ref idref="fl-e7"/>
      </object_component>
      <object_component id="oc-f6">
         <name>.debug_info</name>
         <load_address>0x39fb</load_address>
         <run_address>0x39fb</run_address>
         <size>0x2c</size>
         <input_file_ref idref="fl-e7"/>
      </object_component>
      <object_component id="oc-1e4">
         <name>.debug_info</name>
         <load_address>0x3a27</load_address>
         <run_address>0x3a27</run_address>
         <size>0x384</size>
         <input_file_ref idref="fl-e8"/>
      </object_component>
      <object_component id="oc-177">
         <name>.debug_info</name>
         <load_address>0x3dab</load_address>
         <run_address>0x3dab</run_address>
         <size>0x1eb</size>
         <input_file_ref idref="fl-e8"/>
      </object_component>
      <object_component id="oc-1e2">
         <name>.debug_info</name>
         <load_address>0x3f96</load_address>
         <run_address>0x3f96</run_address>
         <size>0x3fd</size>
         <input_file_ref idref="fl-e9"/>
      </object_component>
      <object_component id="oc-171">
         <name>.debug_info</name>
         <load_address>0x4393</load_address>
         <run_address>0x4393</run_address>
         <size>0x2e3</size>
         <input_file_ref idref="fl-e9"/>
      </object_component>
      <object_component id="oc-235">
         <name>.debug_info</name>
         <load_address>0x4676</load_address>
         <run_address>0x4676</run_address>
         <size>0x371</size>
         <input_file_ref idref="fl-ea"/>
      </object_component>
      <object_component id="oc-1f4">
         <name>.debug_info</name>
         <load_address>0x49e7</load_address>
         <run_address>0x49e7</run_address>
         <size>0x1e3</size>
         <input_file_ref idref="fl-ea"/>
      </object_component>
      <object_component id="oc-227">
         <name>.debug_info</name>
         <load_address>0x4bca</load_address>
         <run_address>0x4bca</run_address>
         <size>0x301</size>
         <input_file_ref idref="fl-eb"/>
      </object_component>
      <object_component id="oc-1d0">
         <name>.debug_info</name>
         <load_address>0x4ecb</load_address>
         <run_address>0x4ecb</run_address>
         <size>0x19d</size>
         <input_file_ref idref="fl-eb"/>
      </object_component>
      <object_component id="oc-1ed">
         <name>.debug_info</name>
         <load_address>0x5068</load_address>
         <run_address>0x5068</run_address>
         <size>0x18f</size>
         <input_file_ref idref="fl-eb"/>
      </object_component>
      <object_component id="oc-260">
         <name>.debug_info</name>
         <load_address>0x51f7</load_address>
         <run_address>0x51f7</run_address>
         <size>0xbf</size>
         <input_file_ref idref="fl-eb"/>
      </object_component>
      <object_component id="oc-25f">
         <name>.debug_info</name>
         <load_address>0x52b6</load_address>
         <run_address>0x52b6</run_address>
         <size>0x375</size>
         <input_file_ref idref="fl-ec"/>
      </object_component>
      <object_component id="oc-222">
         <name>.debug_info</name>
         <load_address>0x562b</load_address>
         <run_address>0x562b</run_address>
         <size>0x20c</size>
         <input_file_ref idref="fl-ec"/>
      </object_component>
      <object_component id="oc-a1">
         <name>.debug_info</name>
         <load_address>0x5837</load_address>
         <run_address>0x5837</run_address>
         <size>0x148</size>
         <input_file_ref idref="fl-ed"/>
      </object_component>
      <object_component id="oc-43">
         <name>.debug_info</name>
         <load_address>0x597f</load_address>
         <run_address>0x597f</run_address>
         <size>0x11a</size>
         <input_file_ref idref="fl-ee"/>
      </object_component>
      <object_component id="oc-9f">
         <name>.debug_info</name>
         <load_address>0x5a99</load_address>
         <run_address>0x5a99</run_address>
         <size>0x2d5</size>
         <input_file_ref idref="fl-f0"/>
      </object_component>
      <object_component id="oc-4f">
         <name>.debug_info</name>
         <load_address>0x5d6e</load_address>
         <run_address>0x5d6e</run_address>
         <size>0x1d3</size>
         <input_file_ref idref="fl-f0"/>
      </object_component>
      <object_component id="oc-9a">
         <name>.debug_info</name>
         <load_address>0x5f41</load_address>
         <run_address>0x5f41</run_address>
         <size>0x46</size>
         <input_file_ref idref="fl-f0"/>
      </object_component>
      <object_component id="oc-4c">
         <name>.debug_info</name>
         <load_address>0x5f87</load_address>
         <run_address>0x5f87</run_address>
         <size>0x2a9</size>
         <input_file_ref idref="fl-f1"/>
      </object_component>
      <object_component id="oc-1c">
         <name>.debug_info</name>
         <load_address>0x6230</load_address>
         <run_address>0x6230</run_address>
         <size>0x1eb</size>
         <input_file_ref idref="fl-f1"/>
      </object_component>
      <object_component id="oc-47">
         <name>.debug_info</name>
         <load_address>0x641b</load_address>
         <run_address>0x641b</run_address>
         <size>0x46</size>
         <input_file_ref idref="fl-f1"/>
      </object_component>
      <object_component id="oc-92">
         <name>.debug_info</name>
         <load_address>0x6461</load_address>
         <run_address>0x6461</run_address>
         <size>0x2c</size>
         <input_file_ref idref="fl-f1"/>
      </object_component>
      <object_component id="oc-90">
         <name>.debug_info</name>
         <load_address>0x648d</load_address>
         <run_address>0x648d</run_address>
         <size>0x29f</size>
         <input_file_ref idref="fl-f2"/>
      </object_component>
      <object_component id="oc-15">
         <name>.debug_info</name>
         <load_address>0x672c</load_address>
         <run_address>0x672c</run_address>
         <size>0x251</size>
         <input_file_ref idref="fl-f2"/>
      </object_component>
      <object_component id="oc-37">
         <name>.debug_info</name>
         <load_address>0x697d</load_address>
         <run_address>0x697d</run_address>
         <size>0x60</size>
         <input_file_ref idref="fl-f2"/>
      </object_component>
      <object_component id="oc-ef">
         <name>.debug_info</name>
         <load_address>0x69dd</load_address>
         <run_address>0x69dd</run_address>
         <size>0x46</size>
         <input_file_ref idref="fl-f2"/>
      </object_component>
      <object_component id="oc-8b">
         <name>.debug_info</name>
         <load_address>0x6a23</load_address>
         <run_address>0x6a23</run_address>
         <size>0x39</size>
         <input_file_ref idref="fl-f2"/>
      </object_component>
      <object_component id="oc-1a7">
         <name>.debug_info</name>
         <load_address>0x6a5c</load_address>
         <run_address>0x6a5c</run_address>
         <size>0x3ae</size>
         <input_file_ref idref="fl-f3"/>
      </object_component>
      <object_component id="oc-1a4">
         <name>.debug_info</name>
         <load_address>0x6e0a</load_address>
         <run_address>0x6e0a</run_address>
         <size>0x191</size>
         <input_file_ref idref="fl-f3"/>
      </object_component>
      <object_component id="oc-111">
         <name>.debug_info</name>
         <load_address>0x6f9b</load_address>
         <run_address>0x6f9b</run_address>
         <size>0x123</size>
         <input_file_ref idref="fl-f3"/>
      </object_component>
      <object_component id="oc-11a">
         <name>.debug_info</name>
         <load_address>0x70be</load_address>
         <run_address>0x70be</run_address>
         <size>0x185</size>
         <input_file_ref idref="fl-f3"/>
      </object_component>
      <object_component id="oc-169">
         <name>.debug_info</name>
         <load_address>0x7243</load_address>
         <run_address>0x7243</run_address>
         <size>0x2ca</size>
         <input_file_ref idref="fl-f4"/>
      </object_component>
      <object_component id="oc-d1">
         <name>.debug_info</name>
         <load_address>0x750d</load_address>
         <run_address>0x750d</run_address>
         <size>0x11f</size>
         <input_file_ref idref="fl-f4"/>
      </object_component>
      <object_component id="oc-163">
         <name>.debug_info</name>
         <load_address>0x762c</load_address>
         <run_address>0x762c</run_address>
         <size>0x12f</size>
         <input_file_ref idref="fl-f4"/>
      </object_component>
      <object_component id="oc-16d">
         <name>.debug_info</name>
         <load_address>0x775b</load_address>
         <run_address>0x775b</run_address>
         <size>0x145</size>
         <input_file_ref idref="fl-f5"/>
      </object_component>
      <object_component id="oc-d4">
         <name>.debug_info</name>
         <load_address>0x78a0</load_address>
         <run_address>0x78a0</run_address>
         <size>0x103</size>
         <input_file_ref idref="fl-f5"/>
      </object_component>
      <object_component id="oc-18d">
         <name>.debug_info</name>
         <load_address>0x79a3</load_address>
         <run_address>0x79a3</run_address>
         <size>0x190</size>
         <input_file_ref idref="fl-f5"/>
      </object_component>
      <object_component id="oc-1c2">
         <name>.debug_info</name>
         <load_address>0x7b33</load_address>
         <run_address>0x7b33</run_address>
         <size>0x297</size>
         <input_file_ref idref="fl-f6"/>
      </object_component>
      <object_component id="oc-158">
         <name>.debug_info</name>
         <load_address>0x7dca</load_address>
         <run_address>0x7dca</run_address>
         <size>0x1b7</size>
         <input_file_ref idref="fl-f6"/>
      </object_component>
      <object_component id="oc-229">
         <name>.debug_info</name>
         <load_address>0x7f81</load_address>
         <run_address>0x7f81</run_address>
         <size>0x2a6</size>
         <input_file_ref idref="fl-f7"/>
      </object_component>
      <object_component id="oc-1d9">
         <name>.debug_info</name>
         <load_address>0x8227</load_address>
         <run_address>0x8227</run_address>
         <size>0x25e</size>
         <input_file_ref idref="fl-f7"/>
      </object_component>
      <object_component id="oc-73">
         <name>.debug_info</name>
         <load_address>0x8485</load_address>
         <run_address>0x8485</run_address>
         <size>0x3b3</size>
         <input_file_ref idref="fl-f8"/>
      </object_component>
      <object_component id="oc-22">
         <name>.debug_info</name>
         <load_address>0x8838</load_address>
         <run_address>0x8838</run_address>
         <size>0x10d</size>
         <input_file_ref idref="fl-f8"/>
      </object_component>
      <object_component id="oc-2d1">
         <name>.debug_info</name>
         <load_address>0x8945</load_address>
         <run_address>0x8945</run_address>
         <size>0x140</size>
         <input_file_ref idref="fl-f8"/>
      </object_component>
      <object_component id="oc-254">
         <name>.debug_info</name>
         <load_address>0x8a85</load_address>
         <run_address>0x8a85</run_address>
         <size>0x169</size>
         <input_file_ref idref="fl-f8"/>
      </object_component>
      <object_component id="oc-285">
         <name>.debug_info</name>
         <load_address>0x8bee</load_address>
         <run_address>0x8bee</run_address>
         <size>0x18f</size>
         <input_file_ref idref="fl-f8"/>
      </object_component>
      <object_component id="oc-28c">
         <name>.debug_info</name>
         <load_address>0x8d7d</load_address>
         <run_address>0x8d7d</run_address>
         <size>0x1a0</size>
         <input_file_ref idref="fl-f8"/>
      </object_component>
      <object_component id="oc-24f">
         <name>.debug_info</name>
         <load_address>0x8f1d</load_address>
         <run_address>0x8f1d</run_address>
         <size>0x204</size>
         <input_file_ref idref="fl-f8"/>
      </object_component>
      <object_component id="oc-2d8">
         <name>.debug_info</name>
         <load_address>0x9121</load_address>
         <run_address>0x9121</run_address>
         <size>0x1dc</size>
         <input_file_ref idref="fl-f8"/>
      </object_component>
      <object_component id="oc-293">
         <name>.debug_info</name>
         <load_address>0x92fd</load_address>
         <run_address>0x92fd</run_address>
         <size>0x29a</size>
         <input_file_ref idref="fl-f8"/>
      </object_component>
      <object_component id="oc-c5">
         <name>.debug_info</name>
         <load_address>0x9597</load_address>
         <run_address>0x9597</run_address>
         <size>0xb2</size>
         <input_file_ref idref="fl-f8"/>
      </object_component>
      <object_component id="oc-c0">
         <name>.debug_info</name>
         <load_address>0x9649</load_address>
         <run_address>0x9649</run_address>
         <size>0x2c</size>
         <input_file_ref idref="fl-f8"/>
      </object_component>
      <object_component id="oc-1c0">
         <name>.debug_info</name>
         <load_address>0x9675</load_address>
         <run_address>0x9675</run_address>
         <size>0x290</size>
         <input_file_ref idref="fl-f9"/>
      </object_component>
      <object_component id="oc-152">
         <name>.debug_info</name>
         <load_address>0x9905</load_address>
         <run_address>0x9905</run_address>
         <size>0x246</size>
         <input_file_ref idref="fl-f9"/>
      </object_component>
      <object_component id="oc-22e">
         <name>.debug_info</name>
         <load_address>0x9b4b</load_address>
         <run_address>0x9b4b</run_address>
         <size>0x398</size>
         <input_file_ref idref="fl-fa"/>
      </object_component>
      <object_component id="oc-1de">
         <name>.debug_info</name>
         <load_address>0x9ee3</load_address>
         <run_address>0x9ee3</run_address>
         <size>0x190</size>
         <input_file_ref idref="fl-fa"/>
      </object_component>
      <object_component id="oc-271">
         <name>.debug_info</name>
         <load_address>0xa073</load_address>
         <run_address>0xa073</run_address>
         <size>0x120</size>
         <input_file_ref idref="fl-fa"/>
      </object_component>
      <object_component id="oc-276">
         <name>.debug_info</name>
         <load_address>0xa193</load_address>
         <run_address>0xa193</run_address>
         <size>0x2c</size>
         <input_file_ref idref="fl-fa"/>
      </object_component>
      <object_component id="oc-26e">
         <name>.debug_info</name>
         <load_address>0xa1bf</load_address>
         <run_address>0xa1bf</run_address>
         <size>0x338</size>
         <input_file_ref idref="fl-fb"/>
      </object_component>
      <object_component id="oc-26a">
         <name>.debug_info</name>
         <load_address>0xa4f7</load_address>
         <run_address>0xa4f7</run_address>
         <size>0x10a</size>
         <input_file_ref idref="fl-fb"/>
      </object_component>
      <object_component id="oc-22b">
         <name>.debug_info</name>
         <load_address>0xa601</load_address>
         <run_address>0xa601</run_address>
         <size>0x10a</size>
         <input_file_ref idref="fl-fb"/>
      </object_component>
      <object_component id="oc-237">
         <name>.debug_info</name>
         <load_address>0xa70b</load_address>
         <run_address>0xa70b</run_address>
         <size>0x397</size>
         <input_file_ref idref="fl-fc"/>
      </object_component>
      <object_component id="oc-1fa">
         <name>.debug_info</name>
         <load_address>0xaaa2</load_address>
         <run_address>0xaaa2</run_address>
         <size>0x18b</size>
         <input_file_ref idref="fl-fc"/>
      </object_component>
      <object_component id="oc-25">
         <name>.debug_info</name>
         <load_address>0xac2d</load_address>
         <run_address>0xac2d</run_address>
         <size>0x10c</size>
         <input_file_ref idref="fl-fd"/>
      </object_component>
      <object_component id="oc-60">
         <name>.debug_info</name>
         <load_address>0xad39</load_address>
         <run_address>0xad39</run_address>
         <size>0x1aa</size>
         <input_file_ref idref="fl-fd"/>
      </object_component>
      <object_component id="oc-25a">
         <name>.debug_info</name>
         <load_address>0xaee3</load_address>
         <run_address>0xaee3</run_address>
         <size>0x177</size>
         <input_file_ref idref="fl-fe"/>
      </object_component>
      <object_component id="oc-24b">
         <name>.debug_info</name>
         <load_address>0xb05a</load_address>
         <run_address>0xb05a</run_address>
         <size>0x325</size>
         <input_file_ref idref="fl-ff"/>
      </object_component>
      <object_component id="oc-21e">
         <name>.debug_info</name>
         <load_address>0xb37f</load_address>
         <run_address>0xb37f</run_address>
         <size>0x1ed</size>
         <input_file_ref idref="fl-ff"/>
      </object_component>
      <object_component id="oc-1aa">
         <name>.debug_info</name>
         <load_address>0xb56c</load_address>
         <run_address>0xb56c</run_address>
         <size>0x4b4</size>
         <input_file_ref idref="fl-101"/>
      </object_component>
      <object_component id="oc-120">
         <name>.debug_info</name>
         <load_address>0xba20</load_address>
         <run_address>0xba20</run_address>
         <size>0x1a7</size>
         <input_file_ref idref="fl-101"/>
      </object_component>
      <object_component id="oc-205">
         <name>.debug_info</name>
         <load_address>0xbbc7</load_address>
         <run_address>0xbbc7</run_address>
         <size>0x39</size>
         <input_file_ref idref="fl-101"/>
      </object_component>
      <object_component id="oc-238">
         <name>.debug_info</name>
         <load_address>0xbc00</load_address>
         <run_address>0xbc00</run_address>
         <size>0x39</size>
         <input_file_ref idref="fl-101"/>
      </object_component>
      <object_component id="oc-20a">
         <name>.debug_info</name>
         <load_address>0xbc39</load_address>
         <run_address>0xbc39</run_address>
         <size>0x39</size>
         <input_file_ref idref="fl-101"/>
      </object_component>
      <object_component id="oc-20f">
         <name>.debug_info</name>
         <load_address>0xbc72</load_address>
         <run_address>0xbc72</run_address>
         <size>0xcd</size>
         <input_file_ref idref="fl-101"/>
      </object_component>
      <object_component id="oc-aa">
         <name>.debug_info</name>
         <load_address>0xbd3f</load_address>
         <run_address>0xbd3f</run_address>
         <size>0x154</size>
         <input_file_ref idref="fl-102"/>
      </object_component>
      <object_component id="oc-2fc">
         <name>.debug_info</name>
         <load_address>0xbe93</load_address>
         <run_address>0xbe93</run_address>
         <size>0x374</size>
         <input_file_ref idref="fl-105"/>
      </object_component>
      <object_component id="oc-2a7">
         <name>.debug_info</name>
         <load_address>0xc207</load_address>
         <run_address>0xc207</run_address>
         <size>0x1bd</size>
         <input_file_ref idref="fl-105"/>
      </object_component>
      <object_component id="oc-302">
         <name>.debug_info</name>
         <load_address>0xc3c4</load_address>
         <run_address>0xc3c4</run_address>
         <size>0x379</size>
         <input_file_ref idref="fl-106"/>
      </object_component>
      <object_component id="oc-2b9">
         <name>.debug_info</name>
         <load_address>0xc73d</load_address>
         <run_address>0xc73d</run_address>
         <size>0x211</size>
         <input_file_ref idref="fl-106"/>
      </object_component>
      <object_component id="oc-2f8">
         <name>.debug_info</name>
         <load_address>0xc94e</load_address>
         <run_address>0xc94e</run_address>
         <size>0x3a4</size>
         <input_file_ref idref="fl-107"/>
      </object_component>
      <object_component id="oc-2a1">
         <name>.debug_info</name>
         <load_address>0xccf2</load_address>
         <run_address>0xccf2</run_address>
         <size>0x20d</size>
         <input_file_ref idref="fl-107"/>
      </object_component>
      <object_component id="oc-2fe">
         <name>.debug_info</name>
         <load_address>0xceff</load_address>
         <run_address>0xceff</run_address>
         <size>0x378</size>
         <input_file_ref idref="fl-108"/>
      </object_component>
      <object_component id="oc-2ae">
         <name>.debug_info</name>
         <load_address>0xd277</load_address>
         <run_address>0xd277</run_address>
         <size>0x1fc</size>
         <input_file_ref idref="fl-108"/>
      </object_component>
      <object_component id="oc-30c">
         <name>.debug_info</name>
         <load_address>0xd473</load_address>
         <run_address>0xd473</run_address>
         <size>0x3d6</size>
         <input_file_ref idref="fl-109"/>
      </object_component>
      <object_component id="oc-2c5">
         <name>.debug_info</name>
         <load_address>0xd849</load_address>
         <run_address>0xd849</run_address>
         <size>0x237</size>
         <input_file_ref idref="fl-109"/>
      </object_component>
      <object_component id="oc-304">
         <name>.debug_info</name>
         <load_address>0xda80</load_address>
         <run_address>0xda80</run_address>
         <size>0x397</size>
         <input_file_ref idref="fl-10a"/>
      </object_component>
      <object_component id="oc-2c1">
         <name>.debug_info</name>
         <load_address>0xde17</load_address>
         <run_address>0xde17</run_address>
         <size>0x1c7</size>
         <input_file_ref idref="fl-10a"/>
      </object_component>
      <object_component id="oc-300">
         <name>.debug_info</name>
         <load_address>0xdfde</load_address>
         <run_address>0xdfde</run_address>
         <size>0x379</size>
         <input_file_ref idref="fl-10b"/>
      </object_component>
      <object_component id="oc-2b3">
         <name>.debug_info</name>
         <load_address>0xe357</load_address>
         <run_address>0xe357</run_address>
         <size>0x201</size>
         <input_file_ref idref="fl-10b"/>
      </object_component>
      <object_component id="oc-320">
         <name>.debug_info</name>
         <load_address>0xe558</load_address>
         <run_address>0xe558</run_address>
         <size>0x2bc</size>
         <input_file_ref idref="fl-10c"/>
      </object_component>
      <object_component id="oc-31d">
         <name>.debug_info</name>
         <load_address>0xe814</load_address>
         <run_address>0xe814</run_address>
         <size>0x109</size>
         <input_file_ref idref="fl-10c"/>
      </object_component>
      <object_component id="oc-2ee">
         <name>.debug_info</name>
         <load_address>0xe91d</load_address>
         <run_address>0xe91d</run_address>
         <size>0x1e0</size>
         <input_file_ref idref="fl-10c"/>
      </object_component>
      <object_component id="oc-2f2">
         <name>.debug_info</name>
         <load_address>0xeafd</load_address>
         <run_address>0xeafd</run_address>
         <size>0x19b</size>
         <input_file_ref idref="fl-10c"/>
      </object_component>
      <object_component id="oc-280">
         <name>.debug_info</name>
         <load_address>0xec98</load_address>
         <run_address>0xec98</run_address>
         <size>0x398</size>
         <input_file_ref idref="fl-10e"/>
      </object_component>
      <object_component id="oc-245">
         <name>.debug_info</name>
         <load_address>0xf030</load_address>
         <run_address>0xf030</run_address>
         <size>0x196</size>
         <input_file_ref idref="fl-10e"/>
      </object_component>
      <object_component id="oc-2ea">
         <name>.debug_info</name>
         <load_address>0xf1c6</load_address>
         <run_address>0xf1c6</run_address>
         <size>0x3a6</size>
         <input_file_ref idref="fl-10f"/>
      </object_component>
      <object_component id="oc-298">
         <name>.debug_info</name>
         <load_address>0xf56c</load_address>
         <run_address>0xf56c</run_address>
         <size>0x1f4</size>
         <input_file_ref idref="fl-10f"/>
      </object_component>
      <object_component id="oc-347">
         <name>.debug_info</name>
         <load_address>0xf760</load_address>
         <run_address>0xf760</run_address>
         <size>0x42d</size>
         <input_file_ref idref="fl-110"/>
      </object_component>
      <object_component id="oc-342">
         <name>.debug_info</name>
         <load_address>0xfb8d</load_address>
         <run_address>0xfb8d</run_address>
         <size>0x193</size>
         <input_file_ref idref="fl-110"/>
      </object_component>
      <object_component id="oc-314">
         <name>.debug_info</name>
         <load_address>0xfd20</load_address>
         <run_address>0xfd20</run_address>
         <size>0x1ec</size>
         <input_file_ref idref="fl-110"/>
      </object_component>
      <object_component id="oc-34a">
         <name>.debug_info</name>
         <load_address>0xff0c</load_address>
         <run_address>0xff0c</run_address>
         <size>0xea</size>
         <input_file_ref idref="fl-110"/>
      </object_component>
      <object_component id="oc-356">
         <name>.debug_info</name>
         <load_address>0xfff6</load_address>
         <run_address>0xfff6</run_address>
         <size>0x29b</size>
         <input_file_ref idref="fl-111"/>
      </object_component>
      <object_component id="oc-335">
         <name>.debug_info</name>
         <load_address>0x10291</load_address>
         <run_address>0x10291</run_address>
         <size>0x263</size>
         <input_file_ref idref="fl-111"/>
      </object_component>
      <object_component id="oc-367">
         <name>.debug_info</name>
         <load_address>0x104f4</load_address>
         <run_address>0x104f4</run_address>
         <size>0x28b</size>
         <input_file_ref idref="fl-112"/>
      </object_component>
      <object_component id="oc-35a">
         <name>.debug_info</name>
         <load_address>0x1077f</load_address>
         <run_address>0x1077f</run_address>
         <size>0x274</size>
         <input_file_ref idref="fl-112"/>
      </object_component>
      <object_component id="oc-32f">
         <name>.debug_info</name>
         <load_address>0x109f3</load_address>
         <run_address>0x109f3</run_address>
         <size>0x2a5</size>
         <input_file_ref idref="fl-113"/>
      </object_component>
      <object_component id="oc-309">
         <name>.debug_info</name>
         <load_address>0x10c98</load_address>
         <run_address>0x10c98</run_address>
         <size>0x24d</size>
         <input_file_ref idref="fl-113"/>
      </object_component>
      <object_component id="oc-358">
         <name>.debug_info</name>
         <load_address>0x10ee5</load_address>
         <run_address>0x10ee5</run_address>
         <size>0x2b0</size>
         <input_file_ref idref="fl-114"/>
      </object_component>
      <object_component id="oc-33b">
         <name>.debug_info</name>
         <load_address>0x11195</load_address>
         <run_address>0x11195</run_address>
         <size>0x278</size>
         <input_file_ref idref="fl-114"/>
      </object_component>
      <object_component id="oc-311">
         <name>.debug_info</name>
         <load_address>0x1140d</load_address>
         <run_address>0x1140d</run_address>
         <size>0x3d0</size>
         <input_file_ref idref="fl-116"/>
      </object_component>
      <object_component id="oc-2e0">
         <name>.debug_info</name>
         <load_address>0x117dd</load_address>
         <run_address>0x117dd</run_address>
         <size>0x196</size>
         <input_file_ref idref="fl-116"/>
      </object_component>
      <object_component id="oc-319">
         <name>.debug_info</name>
         <load_address>0x11973</load_address>
         <run_address>0x11973</run_address>
         <size>0x3d2</size>
         <input_file_ref idref="fl-117"/>
      </object_component>
      <object_component id="oc-2e3">
         <name>.debug_info</name>
         <load_address>0x11d45</load_address>
         <run_address>0x11d45</run_address>
         <size>0x1a6</size>
         <input_file_ref idref="fl-117"/>
      </object_component>
      <object_component id="oc-397">
         <name>.debug_info</name>
         <load_address>0x11eeb</load_address>
         <run_address>0x11eeb</run_address>
         <size>0xaa</size>
      </object_component>
      <object_component id="oc-185">
         <name>.debug_line</name>
         <load_address>0x0</load_address>
         <run_address>0x0</run_address>
         <size>0x6a</size>
         <input_file_ref idref="fl-2"/>
      </object_component>
      <object_component id="oc-31">
         <name>.debug_line</name>
         <load_address>0x6a</load_address>
         <run_address>0x6a</run_address>
         <size>0x1b1</size>
         <input_file_ref idref="fl-2"/>
      </object_component>
      <object_component id="oc-84">
         <name>.debug_line</name>
         <load_address>0x21b</load_address>
         <run_address>0x21b</run_address>
         <size>0x6f</size>
         <input_file_ref idref="fl-2"/>
      </object_component>
      <object_component id="oc-3f">
         <name>.debug_line</name>
         <load_address>0x28a</load_address>
         <run_address>0x28a</run_address>
         <size>0x20</size>
         <input_file_ref idref="fl-2"/>
      </object_component>
      <object_component id="oc-ec">
         <name>.debug_line</name>
         <load_address>0x2aa</load_address>
         <run_address>0x2aa</run_address>
         <size>0x73</size>
         <input_file_ref idref="fl-2"/>
      </object_component>
      <object_component id="oc-89">
         <name>.debug_line</name>
         <load_address>0x31d</load_address>
         <run_address>0x31d</run_address>
         <size>0x70</size>
         <input_file_ref idref="fl-2"/>
      </object_component>
      <object_component id="oc-1a0">
         <name>.debug_line</name>
         <load_address>0x38d</load_address>
         <run_address>0x38d</run_address>
         <size>0x6a</size>
         <input_file_ref idref="fl-2"/>
      </object_component>
      <object_component id="oc-e7">
         <name>.debug_line</name>
         <load_address>0x3f7</load_address>
         <run_address>0x3f7</run_address>
         <size>0x6b</size>
         <input_file_ref idref="fl-2"/>
      </object_component>
      <object_component id="oc-19c">
         <name>.debug_line</name>
         <load_address>0x462</load_address>
         <run_address>0x462</run_address>
         <size>0x6a</size>
         <input_file_ref idref="fl-3"/>
      </object_component>
      <object_component id="oc-19a">
         <name>.debug_line</name>
         <load_address>0x4cc</load_address>
         <run_address>0x4cc</run_address>
         <size>0x2d</size>
         <input_file_ref idref="fl-3"/>
      </object_component>
      <object_component id="oc-b0">
         <name>.debug_line</name>
         <load_address>0x4f9</load_address>
         <run_address>0x4f9</run_address>
         <size>0xa8</size>
         <input_file_ref idref="fl-3"/>
      </object_component>
      <object_component id="oc-80">
         <name>.debug_line</name>
         <load_address>0x5a1</load_address>
         <run_address>0x5a1</run_address>
         <size>0x56</size>
         <input_file_ref idref="fl-4"/>
      </object_component>
      <object_component id="oc-34">
         <name>.debug_line</name>
         <load_address>0x5f7</load_address>
[...]
         <contents>
            <logical_group_ref idref="lg-d"/>
            <logical_group_ref idref="lg-a"/>
            <logical_group_ref idref="lg-b"/>
            <logical_group_ref idref="lg-c"/>
         </contents>
      </load_segment>
   </logical_group_list>
   <placement_map>
      <memory_area display="yes" color="green">
         <name>FLASH</name>
         <page_id>0x0</page_id>
         <origin>0x0</origin>
         <length>0x100000</length>
         <used_space>0x1bc4</used_space>
         <unused_space>0xfe43c</unused_space>
         <attributes>RX</attributes>
         <usage_details>
            <allocated_space>
               <start_address>0x0</start_address>
               <size>0x208</size>
               <logical_group_ref idref="lg-3"/>
            </allocated_space>
            <allocated_space>
               <start_address>0x208</start_address>
               <size>0x192a</size>
               <logical_group_ref idref="lg-4"/>
            </allocated_space>
            <allocated_space>
               <start_address>0x1b32</start_address>
               <size>0x2</size>
               <logical_group_ref idref="lg-5"/>
            </allocated_space>
            <available_space>
               <start_address>0x1b34</start_address>
               <size>0x4</size>
            </available_space>
            <allocated_space>
               <start_address>0x1b38</start_address>
               <size>0x90</size>
               <logical_group_ref idref="lg-6"/>
            </allocated_space>
            <available_space>
               <start_address>0x1bc8</start_address>
               <size>0xfe438</size>
            </available_space>
         </usage_details>
      </memory_area>
      <memory_area display="yes" color="green">
         <name>SRAM</name>
         <page_id>0x0</page_id>
         <origin>0x20000000</origin>
         <length>0x40000</length>
         <used_space>0x6ec</used_space>
         <unused_space>0x3f914</unused_space>
         <attributes>RWX</attributes>
         <usage_details>
            <allocated_space>
               <start_address>0x20000000</start_address>
               <size>0x200</size>
               <logical_group_ref idref="lg-d"/>
            </allocated_space>
            <allocated_space>
               <start_address>0x20000200</start_address>
               <size>0x1e4</size>
               <logical_group_ref idref="lg-a"/>
            </allocated_space>
            <allocated_space>
               <start_address>0x200003e4</start_address>
               <size>0x1c8</size>
               <logical_group_ref idref="lg-b"/>
            </allocated_space>
            <available_space>
               <start_address>0x200005ac</start_address>
               <size>0x4</size>
            </available_space>
            <allocated_space>
               <start_address>0x200005b0</start_address>
               <size>0x140</size>
               <logical_group_ref idref="lg-c"/>
            </allocated_space>
            <available_space>
               <start_address>0x200006f0</start_address>
               <size>0x3f910</size>
            </available_space>
         </usage_details>
      </memory_area>
   </placement_map>
   <cptbl_list>
      <cptbl>
         <name>__TI_cinit_table</name>
         <cprec>
            <name>.data</name>
            <load_address>0x1b38</load_address>
            <load_size>0x66</load_size>
            <run_address>0x20000200</run_address>
            <run_size>0x1e4</run_size>
            <compression>lzss</compression>
         </cprec>
         <cprec>
            <name>.bss</name>
            <load_address>0x1bb0</load_address>
            <load_size>0x8</load_size>
            <run_address>0x200003e4</run_address>
            <run_size>0x1c8</run_size>
            <compression>zero_init</compression>
         </cprec>
      </cptbl>
   </cptbl_list>
   <handler_table>
      <handler_table_name>__TI_handler_table</handler_table_name>
      <handler>
         <index>0x0</index>
         <name>__TI_decompress_lzss</name>
      </handler>
      <handler>
         <index>0x1</index>
         <name>__TI_decompress_none</name>
      </handler>
      <handler>
         <index>0x2</index>
         <name>__TI_zero_init</name>
      </handler>
   </handler_table>
   <symbol_table>
      <symbol id="sm-1">
         <name>__STACK_TOP</name>
         <value>0x20000200</value>
      </symbol>
      <symbol id="sm-2">
         <name>__TI_CINIT_Base</name>
         <value>0x1bb8</value>
      </symbol>
      <symbol id="sm-3">
         <name>__TI_CINIT_Limit</name>
         <value>0x1bc8</value>
      </symbol>
      <symbol id="sm-4">
         <name>__TI_Handler_Table_Base</name>
         <value>0x1ba0</value>
      </symbol>
      <symbol id="sm-5">
         <name>__TI_Handler_Table_Limit</name>
         <value>0x1bac</value>
      </symbol>
      <symbol id="sm-6">
         <name>binit</name>
         <value>0xffffffff</value>
      </symbol>
      <symbol id="sm-7">
         <name>__binit__</name>
         <value>0xffffffff</value>
      </symbol>
      <symbol id="sm-8">
         <name>__STACK_SIZE</name>
         <value>0x200</value>
      </symbol>
      <symbol id="sm-9">
         <name>__STACK_END</name>
         <value>0x20000200</value>
      </symbol>
      <symbol id="sm-a">
         <name>__SYSMEM_SIZE</name>
         <value>0x140</value>
      </symbol>
      <symbol id="sm-b">
         <name>__c_args__</name>
         <value>0xffffffff</value>
      </symbol>
      <symbol id="sm-c">
         <name>__TI_pprof_out_hndl</name>
         <value>0xffffffff</value>
      </symbol>
      <symbol id="sm-d">
         <name>__TI_prof_data_start</name>
         <value>0xffffffff</value>
      </symbol>
      <symbol id="sm-e">
         <name>__TI_prof_data_size</name>
         <value>0xffffffff</value>
      </symbol>
      <symbol id="sm-88">
         <name>PortMHandler</name>
         <value>0x6bb</value>
         <object_component_ref idref="oc-2d"/>
      </symbol>
      <symbol id="sm-89">
         <name>PortAHandler</name>
         <value>0x4d9</value>
         <object_component_ref idref="oc-2d"/>
      </symbol>
      <symbol id="sm-8a">
         <name>PortEHandler</name>
         <value>0x54d</value>
         <object_component_ref idref="oc-2d"/>
      </symbol>
      <symbol id="sm-8b">
         <name>PortDHandler</name>
         <value>0x653</value>
         <object_component_ref idref="oc-2d"/>
      </symbol>
      <symbol id="sm-d3">
         <name>main</name>
         <value>0x209</value>
         <object_component_ref idref="oc-ac"/>
      </symbol>
      <symbol id="sm-ef">
         <name>ResetISR</name>
         <value>0x1b09</value>
         <object_component_ref idref="oc-27"/>
      </symbol>
      <symbol id="sm-f0">
         <name>g_pfnVectors</name>
         <value>0x0</value>
         <object_component_ref idref="oc-f"/>
      </symbol>
      <symbol id="sm-13e">
         <name>printf</name>
         <value>0x139d</value>
         <object_component_ref idref="oc-78"/>
      </symbol>
      <symbol id="sm-172">
         <name>__TI_printfi_minimal</name>
         <value>0x789</value>
         <object_component_ref idref="oc-ca"/>
      </symbol>
      <symbol id="sm-193">
         <name>__TI_doflush</name>
         <value>0x1639</value>
         <object_component_ref idref="oc-186"/>
      </symbol>
      <symbol id="sm-194">
         <name>fflush</name>
         <value>0x107d</value>
         <object_component_ref idref="oc-ff"/>
      </symbol>
      <symbol id="sm-1c5">
         <name>fgets</name>
         <value>0x1b1d</value>
         <object_component_ref idref="oc-105"/>
      </symbol>
      <symbol id="sm-1da">
         <name>putc</name>
         <value>0xff1</value>
         <object_component_ref idref="oc-176"/>
      </symbol>
      <symbol id="sm-1db">
         <name>fputc</name>
         <value>0xff1</value>
         <object_component_ref idref="oc-176"/>
      </symbol>
      <symbol id="sm-1f9">
         <name>fputs</name>
         <value>0xaed</value>
         <object_component_ref idref="oc-16f"/>
      </symbol>
      <symbol id="sm-212">
         <name>__TI_buff_read</name>
         <value>0xeb9</value>
         <object_component_ref idref="oc-1f0"/>
      </symbol>
      <symbol id="sm-237">
         <name>__TI_wrt_ok</name>
         <value>0x1469</value>
         <object_component_ref idref="oc-1cf"/>
      </symbol>
      <symbol id="sm-238">
         <name>__TI_rd_ok</name>
         <value>0x1685</value>
         <object_component_ref idref="oc-1ea"/>
      </symbol>
      <symbol id="sm-254">
         <name>setvbuf</name>
         <value>0xddd</value>
         <object_component_ref idref="oc-220"/>
      </symbol>
      <symbol id="sm-263">
         <name>__aeabi_memset</name>
         <value>0x1177</value>
         <object_component_ref idref="oc-a0"/>
      </symbol>
      <symbol id="sm-264">
         <name>memset</name>
         <value>0x117d</value>
         <object_component_ref idref="oc-a0"/>
      </symbol>
      <symbol id="sm-265">
         <name>__aeabi_memset8</name>
         <value>0x1177</value>
         <object_component_ref idref="oc-a0"/>
      </symbol>
      <symbol id="sm-266">
         <name>__aeabi_memset4</name>
         <value>0x1177</value>
         <object_component_ref idref="oc-a0"/>
      </symbol>
      <symbol id="sm-267">
         <name>__aeabi_memclr8</name>
         <value>0x1175</value>
         <object_component_ref idref="oc-a0"/>
      </symbol>
      <symbol id="sm-268">
         <name>__aeabi_memclr4</name>
         <value>0x1175</value>
         <object_component_ref idref="oc-a0"/>
      </symbol>
      <symbol id="sm-269">
         <name>__aeabi_memclr</name>
         <value>0x1175</value>
         <object_component_ref idref="oc-a0"/>
      </symbol>
      <symbol id="sm-284">
         <name>memcpy</name>
         <value>0xf55</value>
         <object_component_ref idref="oc-41"/>
      </symbol>
      <symbol id="sm-285">
         <name>__aeabi_memcpy</name>
         <value>0xf55</value>
         <object_component_ref idref="oc-41"/>
      </symbol>
      <symbol id="sm-286">
         <name>__aeabi_memcpy8</name>
         <value>0xf55</value>
         <object_component_ref idref="oc-41"/>
      </symbol>
      <symbol id="sm-287">
         <name>__aeabi_memcpy4</name>
         <value>0xf55</value>
         <object_component_ref idref="oc-41"/>
      </symbol>
      <symbol id="sm-29c">
         <name>__TI_zero_init_nomemset</name>
         <value>0x1a51</value>
         <object_component_ref idref="oc-4d"/>
      </symbol>
      <symbol id="sm-2b3">
         <name>__TI_decompress_none</name>
         <value>0x1afb</value>
         <object_component_ref idref="oc-18"/>
      </symbol>
      <symbol id="sm-2d6">
         <name>__TI_decompress_lzss</name>
         <value>0x1335</value>
         <object_component_ref idref="oc-12"/>
      </symbol>
      <symbol id="sm-2fc">
         <name>C$$EXIT</name>
         <value>0x1b2f</value>
         <object_component_ref idref="oc-110"/>
      </symbol>
      <symbol id="sm-2fd">
         <name>abort</name>
         <value>0x1b2f</value>
         <object_component_ref idref="oc-110"/>
      </symbol>
      <symbol id="sm-2fe">
         <name>__TI_dtors_ptr</name>
         <value>0x200003cc</value>
         <object_component_ref idref="oc-1a3"/>
      </symbol>
      <symbol id="sm-2ff">
         <name>__TI_cleanup_ptr</name>
         <value>0x200003c8</value>
         <object_component_ref idref="oc-1a3"/>
      </symbol>
      <symbol id="sm-300">
         <name>__TI_enable_exit_profile_output</name>
         <value>0x200003d0</value>
         <object_component_ref idref="oc-1a3"/>
      </symbol>
      <symbol id="sm-301">
         <name>exit</name>
         <value>0x16d1</value>
         <object_component_ref idref="oc-116"/>
      </symbol>
      <symbol id="sm-316">
         <name>_nop</name>
         <value>0x9af</value>
         <object_component_ref idref="oc-161"/>
      </symbol>
      <symbol id="sm-317">
         <name>_lock</name>
         <value>0x200003d4</value>
         <object_component_ref idref="oc-d0"/>
      </symbol>
      <symbol id="sm-318">
         <name>_unlock</name>
         <value>0x200003d8</value>
         <object_component_ref idref="oc-d0"/>
      </symbol>
      <symbol id="sm-32d">
         <name>__TI_tmpnams</name>
         <value>0x20000504</value>
      </symbol>
      <symbol id="sm-32e">
         <name>__aeabi_stdout</name>
         <value>0x200003c0</value>
         <object_component_ref idref="oc-18c"/>
      </symbol>
      <symbol id="sm-32f">
         <name>__aeabi_stderr</name>
         <value>0x200003c4</value>
         <object_component_ref idref="oc-18c"/>
      </symbol>
      <symbol id="sm-330">
         <name>__aeabi_stdin</name>
         <value>0x200003bc</value>
         <object_component_ref idref="oc-18c"/>
      </symbol>
      <symbol id="sm-331">
         <name>_ftable</name>
         <value>0x20000200</value>
         <object_component_ref idref="oc-d3"/>
      </symbol>
      <symbol id="sm-332">
         <name>__TI_ft_end</name>
         <value>0x200003b8</value>
         <object_component_ref idref="oc-18c"/>
      </symbol>
      <symbol id="sm-342">
         <name>memccpy</name>
         <value>0x1a89</value>
         <object_component_ref idref="oc-154"/>
      </symbol>
      <symbol id="sm-352">
         <name>memchr</name>
         <value>0x1a31</value>
         <object_component_ref idref="oc-1d5"/>
      </symbol>
      <symbol id="sm-3d9">
         <name>_sys_memory</name>
         <value>0x200005b0</value>
         <object_component_ref idref="oc-21"/>
      </symbol>
      <symbol id="sm-3da">
         <name>free</name>
         <value>0xcf5</value>
         <object_component_ref idref="oc-24c"/>
      </symbol>
      <symbol id="sm-3db">
         <name>memalign</name>
         <value>0xc01</value>
         <object_component_ref idref="oc-290"/>
      </symbol>
      <symbol id="sm-3dc">
         <name>malloc</name>
         <value>0x1b15</value>
         <object_component_ref idref="oc-252"/>
      </symbol>
      <symbol id="sm-3dd">
         <name>aligned_alloc</name>
         <value>0xc01</value>
         <object_component_ref idref="oc-290"/>
      </symbol>
      <symbol id="sm-3eb">
         <name>strlen</name>
         <value>0x1ae7</value>
         <object_component_ref idref="oc-14e"/>
      </symbol>
      <symbol id="sm-405">
         <name>write</name>
         <value>0x1a09</value>
         <object_component_ref idref="oc-1db"/>
      </symbol>
      <symbol id="sm-416">
         <name>_stream</name>
         <value>0x20000368</value>
         <object_component_ref idref="oc-22a"/>
      </symbol>
      <symbol id="sm-417">
         <name>_device</name>
         <value>0x200002f0</value>
         <object_component_ref idref="oc-269"/>
      </symbol>
      <symbol id="sm-427">
         <name>read</name>
         <value>0x19e1</value>
         <object_component_ref idref="oc-1f6"/>
      </symbol>
      <symbol id="sm-43a">
         <name>__stack</name>
         <value>0x20000000</value>
         <object_component_ref idref="oc-24"/>
      </symbol>
      <symbol id="sm-43b">
         <name>_c_int00_noargs</name>
         <value>0x1901</value>
         <object_component_ref idref="oc-5f"/>
      </symbol>
      <symbol id="sm-44b">
         <name>__TI_cleanup</name>
         <value>0x1899</value>
         <object_component_ref idref="oc-258"/>
      </symbol>
      <symbol id="sm-45d">
         <name>fseek</name>
         <value>0x1405</value>
         <object_component_ref idref="oc-21a"/>
      </symbol>
      <symbol id="sm-486">
         <name>__TI_auto_init_nobinit_nopinit</name>
         <value>0x17a1</value>
         <object_component_ref idref="oc-11c"/>
      </symbol>
      <symbol id="sm-490">
         <name>_system_pre_init</name>
         <value>0x1b2b</value>
         <object_component_ref idref="oc-a6"/>
      </symbol>
      <symbol id="sm-4a3">
         <name>HOSTclose</name>
         <value>0x1719</value>
         <object_component_ref idref="oc-2a6"/>
      </symbol>
      <symbol id="sm-4b4">
         <name>HOSTlseek</name>
         <value>0x1265</value>
         <object_component_ref idref="oc-2b8"/>
      </symbol>
      <symbol id="sm-4c6">
         <name>parmbuf</name>
         <value>0x200005a4</value>
      </symbol>
      <symbol id="sm-4c7">
         <name>HOSTopen</name>
         <value>0x14cd</value>
         <object_component_ref idref="oc-2a0"/>
      </symbol>
      <symbol id="sm-4d8">
         <name>HOSTread</name>
         <value>0x1589</value>
         <object_component_ref idref="oc-2ac"/>
      </symbol>
      <symbol id="sm-4e9">
         <name>HOSTrename</name>
         <value>0x12cd</value>
         <object_component_ref idref="oc-2c4"/>
      </symbol>
      <symbol id="sm-4fa">
         <name>HOSTunlink</name>
         <value>0x175d</value>
         <object_component_ref idref="oc-2be"/>
      </symbol>
      <symbol id="sm-50b">
         <name>HOSTwrite</name>
         <value>0x15e1</value>
         <object_component_ref idref="oc-2b2"/>
      </symbol>
      <symbol id="sm-52f">
         <name>__TI_readmsg</name>
         <value>0x18cd</value>
         <object_component_ref idref="oc-2f1"/>
      </symbol>
      <symbol id="sm-530">
         <name>C$$IO$$</name>
         <value>0x1857</value>
         <object_component_ref idref="oc-2eb"/>
      </symbol>
      <symbol id="sm-531">
         <name>__CIOBUF_</name>
         <value>0x200003e4</value>
         <object_component_ref idref="oc-31c"/>
      </symbol>
      <symbol id="sm-532">
         <name>__TI_writemsg</name>
         <value>0x1829</value>
         <object_component_ref idref="oc-2eb"/>
      </symbol>
      <symbol id="sm-543">
         <name>lseek</name>
         <value>0x19b9</value>
         <object_component_ref idref="oc-244"/>
      </symbol>
      <symbol id="sm-558">
         <name>__TI_closefile</name>
         <value>0x11f1</value>
         <object_component_ref idref="oc-297"/>
      </symbol>
      <symbol id="sm-57b">
         <name>finddevice</name>
         <value>0x1935</value>
         <object_component_ref idref="oc-340"/>
      </symbol>
      <symbol id="sm-57c">
         <name>getdevice</name>
         <value>0x17e5</value>
         <object_component_ref idref="oc-312"/>
      </symbol>
      <symbol id="sm-58c">
         <name>strchr</name>
         <value>0x1abd</value>
         <object_component_ref idref="oc-334"/>
      </symbol>
      <symbol id="sm-59b">
         <name>strcmp</name>
         <value>0x1aa5</value>
         <object_component_ref idref="oc-359"/>
      </symbol>
      <symbol id="sm-5a9">
         <name>strcpy</name>
         <value>0x1ad3</value>
         <object_component_ref idref="oc-305"/>
      </symbol>
      <symbol id="sm-5b9">
         <name>strncpy</name>
         <value>0x1861</value>
         <object_component_ref idref="oc-33a"/>
      </symbol>
      <symbol id="sm-5ce">
         <name>close</name>
         <value>0x152d</value>
         <object_component_ref idref="oc-2dc"/>
      </symbol>
      <symbol id="sm-5de">
         <name>unlink</name>
         <value>0x1965</value>
         <object_component_ref idref="oc-2e2"/>
      </symbol>
      <symbol id="sm-5df">
         <name>__TI_static_base__</name>
         <value>0x0</value>
      </symbol>
      <symbol id="sm-5e2">
         <name>__mpu_init</name>
         <value>0x0</value>
      </symbol>
      <symbol id="sm-5e3">
         <name>_system_post_cinit</name>
         <value>0x0</value>
      </symbol>
      <symbol id="sm-5e4">
         <name>remove</name>
         <value>0x1965</value>
      </symbol>
   </symbol_table>
   <title>Link successful</title>
</link_info>
